{
  "scancode_notice": "Generated with ScanCode and provided on an \"AS IS\" BASIS, WITHOUT WARRANTIES\nOR CONDITIONS OF ANY KIND, either express or implied. No content created from\nScanCode should be considered or used as legal advice. Consult an Attorney\nfor any legal advice.\nScanCode is a free software code scanning tool from nexB Inc. and others.\nVisit https://github.com/nexB/scancode-toolkit/ for support and download.",
  "scancode_options": {
    "input": "<path>",
    "--copyright": true,
    "--copyright-summary": true,
    "--json-pp": "<file>"
  },
  "files_count": 24,
  "files": [
    {
      "path": "scan",
      "type": "directory",
      "copyrights": [],
      "copyright_summary": {
        "statements": [
          {
            "value": "Copyright (c) 1995-2013 Jean-loup Gailly and Mark Adler",
            "count": 3
          },
          {
            "value": "Copyright (c) 1995-2013 Jean-loup Gailly.",
            "count": 2
          },
          {
            "value": "Copyright (c) 1995-2011 Mark Adler",
            "count": 2
          },
          {
            "value": "Copyright (c) 1997 Christian Michelsen Research AS Advanced Computing",
            "count": 1
          },
          {
            "value": "Copyright (c) 2003 Mark Adler",
            "count": 1
          },
          {
            "value": "Copyright (c) 1995-2005, 2010, 2011, 2012 Jean-loup Gailly.",
            "count": 1
          },
          {
            "value": "Copyright (c) 1995-2012 Jean-loup Gailly",
            "count": 1
          },
          {
            "value": "(c) 2004 by Henrik Ravn",
            "count": 1
          },
          {
            "value": "Copyright 2005, JBoss Inc., and individual contributors",
            "count": 1
          },
          {
            "value": "Copyright 2009, Red Hat Middleware LLC, and individual contributors",
            "count": 1
          },
          {
            "value": "Copyright (c) 1995-2008 Mark Adler",
            "count": 1
          },
          {
            "value": "Copyright (c) 1995-2010 Jean-loup Gailly, Brian Raiter and Gilles Vollant.",
            "count": 1
          },
          {
            "value": "Copyright (c) 2005 Brian Goetz and Tim Peierls",
            "count": 1
          },
          {
            "value": "Copyright Henrik Ravn 2004",
            "count": 1
          },
          {
            "value": "Copyright 2010, Red Hat, Inc. and individual contributors",
            "count": 1
          },
          {
            "value": "Copyright (c) 2002-2004 Dmitriy Anisimkov",
            "count": 1
          }
        ],
        "holders": [
          {
            "value": "Jean-loup Gailly",
            "count": 8
          },
          {
            "value": "Mark Adler",
            "count": 7
          },
          {
            "value": "individual contributors",
            "count": 3
          },
          {
            "value": "Henrik Ravn",
            "count": 2
          },
          {
            "value": "Tim Peierls",
            "count": 1
          },
          {
            "value": "Dmitriy Anisimkov",
            "count": 1
          },
          {
            "value": " Brian Raiter",
            "count": 1
          },
          {
            "value": "Gilles Vollant.",
            "count": 1
          },
          {
            "value": "Christian Michelsen Research AS",
            "count": 1
          },
          {
            "value": "JBoss Inc.",
            "count": 1
          },
          {
            "value": "Brian Goetz",
            "count": 1
          },
          {
            "value": "Red Hat",
            "count": 1
          },
          {
            "value": "Red Hat Middleware LLC",
            "count": 1
          }
        ],
        "authors": [
          {
            "value": "Bela Ban",
            "count": 4
          },
          {
            "value": "Gilles Vollant",
            "count": 1
          }
        ]
      },
      "scan_errors": []
    },
    {
      "path": "scan/JGroups",
      "type": "directory",
      "copyrights": [],
      "copyright_summary": {
        "statements": [
          {
            "value": "Copyright 2009, Red Hat Middleware LLC, and individual contributors",
            "count": 1
          },
          {
            "value": "Copyright (c) 2005 Brian Goetz and Tim Peierls",
            "count": 1
          },
          {
            "value": "Copyright 2010, Red Hat, Inc. and individual contributors",
            "count": 1
          },
          {
            "value": "Copyright 2005, JBoss Inc., and individual contributors",
            "count": 1
          }
        ],
        "holders": [
          {
            "value": "individual contributors",
            "count": 3
          },
          {
            "value": "Tim Peierls",
            "count": 1
          },
          {
            "value": "JBoss Inc.",
            "count": 1
          },
          {
            "value": "Brian Goetz",
            "count": 1
          },
          {
            "value": "Red Hat",
            "count": 1
          },
          {
            "value": "Red Hat Middleware LLC",
            "count": 1
          }
        ],
        "authors": [
          {
            "value": "Bela Ban",
            "count": 4
          }
        ]
      },
      "scan_errors": []
    },
    {
      "path": "scan/JGroups/src",
      "type": "directory",
      "copyrights": [],
      "copyright_summary": {
        "statements": [
          {
            "value": "Copyright 2009, Red Hat Middleware LLC, and individual contributors",
            "count": 1
          },
          {
            "value": "Copyright (c) 2005 Brian Goetz and Tim Peierls",
            "count": 1
          },
          {
            "value": "Copyright 2010, Red Hat, Inc. and individual contributors",
            "count": 1
          },
          {
            "value": "Copyright 2005, JBoss Inc., and individual contributors",
            "count": 1
          }
        ],
        "holders": [
          {
            "value": "individual contributors",
            "count": 3
          },
          {
            "value": "Tim Peierls",
            "count": 1
          },
          {
            "value": "JBoss Inc.",
            "count": 1
          },
          {
            "value": "Brian Goetz",
            "count": 1
          },
          {
            "value": "Red Hat",
            "count": 1
          },
          {
            "value": "Red Hat Middleware LLC",
            "count": 1
          }
        ],
        "authors": [
          {
            "value": "Bela Ban",
            "count": 4
          }
        ]
      },
      "scan_errors": []
    },
    {
      "path": "scan/JGroups/src/FixedMembershipToken.java",
      "type": "file",
      "copyrights": [
        {
          "statements": [
            "Copyright 2005, JBoss Inc., and individual contributors"
          ],
          "holders": [
            "JBoss Inc.",
            "individual contributors"
          ],
          "authors": [],
          "start_line": 2,
          "end_line": 5
        }
      ],
      "copyright_summary": {
        "statements": [
          {
            "value": "Copyright 2005, JBoss Inc., and individual contributors",
            "count": 1
          }
        ],
        "holders": [
          {
            "value": "JBoss Inc.",
            "count": 1
          },
          {
            "value": "individual contributors",
            "count": 1
          }
        ],
        "authors": []
      },
      "scan_errors": []
    },
    {
      "path": "scan/JGroups/src/GuardedBy.java",
      "type": "file",
      "copyrights": [
        {
          "statements": [
            "Copyright (c) 2005 Brian Goetz and Tim Peierls"
          ],
          "holders": [
            "Brian Goetz and Tim Peierls"
          ],
          "authors": [],
          "start_line": 3,
          "end_line": 6
        },
        {
          "statements": [],
          "holders": [],
          "authors": [
            "Bela Ban"
          ],
          "start_line": 8,
          "end_line": 11
        }
      ],
      "copyright_summary": {
        "statements": [
          {
            "value": "Copyright (c) 2005 Brian Goetz and Tim Peierls",
            "count": 1
          }
        ],
        "holders": [
          {
            "value": "Tim Peierls",
            "count": 1
          },
          {
            "value": "Brian Goetz",
            "count": 1
          }
        ],
        "authors": [
          {
            "value": "Bela Ban",
            "count": 1
          }
        ]
      },
      "scan_errors": []
    },
    {
      "path": "scan/JGroups/src/ImmutableReference.java",
      "type": "file",
      "copyrights": [
        {
          "statements": [
            "Copyright 2010, Red Hat, Inc. and individual contributors"
          ],
          "holders": [
            "Red Hat, Inc.",
            "individual contributors"
          ],
          "authors": [],
          "start_line": 2,
          "end_line": 5
        }
      ],
      "copyright_summary": {
        "statements": [
          {
            "value": "Copyright 2010, Red Hat, Inc. and individual contributors",
            "count": 1
          }
        ],
        "holders": [
          {
            "value": "individual contributors",
            "count": 1
          },
          {
            "value": "Red Hat",
            "count": 1
          }
        ],
        "authors": []
      },
      "scan_errors": []
    },
    {
      "path": "scan/JGroups/src/RATE_LIMITER.java",
      "type": "file",
      "copyrights": [
        {
          "statements": [],
          "holders": [],
          "authors": [
            "Bela Ban"
          ],
          "start_line": 2,
          "end_line": 5
        }
      ],
      "copyright_summary": {
        "statements": [],
        "holders": [],
        "authors": [
          {
            "value": "Bela Ban",
            "count": 1
          }
        ]
      },
      "scan_errors": []
    },
    {
      "path": "scan/JGroups/src/RouterStub.java",
      "type": "file",
      "copyrights": [
        {
          "statements": [],
          "holders": [],
          "authors": [
            "Bela Ban"
          ],
          "start_line": 2,
          "end_line": 4
        }
      ],
      "copyright_summary": {
        "statements": [],
        "holders": [],
        "authors": [
          {
            "value": "Bela Ban",
            "count": 1
          }
        ]
      },
      "scan_errors": []
    },
    {
      "path": "scan/JGroups/src/RouterStubManager.java",
      "type": "file",
      "copyrights": [
        {
          "statements": [
            "Copyright 2009, Red Hat Middleware LLC, and individual contributors"
          ],
          "holders": [
            "Red Hat Middleware LLC",
            "individual contributors"
          ],
          "authors": [],
          "start_line": 2,
          "end_line": 5
        }
      ],
      "copyright_summary": {
        "statements": [
          {
            "value": "Copyright 2009, Red Hat Middleware LLC, and individual contributors",
            "count": 1
          }
        ],
        "holders": [
          {
            "value": "individual contributors",
            "count": 1
          },
          {
            "value": "Red Hat Middleware LLC",
            "count": 1
          }
        ],
        "authors": []
      },
      "scan_errors": []
    },
    {
      "path": "scan/JGroups/src/S3_PING.java",
      "type": "file",
      "copyrights": [
        {
          "statements": [],
          "holders": [],
          "authors": [
            "Bela Ban"
          ],
          "start_line": 1,
          "end_line": 4
        }
      ],
      "copyright_summary": {
        "statements": [],
        "holders": [],
        "authors": [
          {
            "value": "Bela Ban",
            "count": 1
          }
        ]
      },
      "scan_errors": []
    },
    {
      "path": "scan/README",
      "type": "file",
      "copyrights": [],
      "copyright_summary": {
        "statements": [],
        "holders": [],
        "authors": []
      },
      "scan_errors": []
    },
    {
      "path": "scan/arch",
      "type": "directory",
      "copyrights": [],
      "copyright_summary": {
        "statements": [
          {
            "value": "Copyright (c) 1995-2011 Mark Adler",
            "count": 1
          },
          {
            "value": "Copyright (c) 1995-2013 Jean-loup Gailly and Mark Adler",
            "count": 1
          },
          {
            "value": "Copyright (c) 1995-2013 Jean-loup Gailly.",
            "count": 1
          }
        ],
        "holders": [
          {
            "value": "Mark Adler",
            "count": 2
          },
          {
            "value": "Jean-loup Gailly",
            "count": 2
          }
        ],
        "authors": []
      },
      "scan_errors": []
    },
    {
      "path": "scan/arch/adler32.c",
      "type": "file",
      "copyrights": [
        {
          "statements": [
            "Copyright (c) 1995-2011 Mark Adler"
          ],
          "holders": [
            "Mark Adler"
          ],
          "authors": [],
          "start_line": 1,
          "end_line": 3
        }
      ],
      "copyright_summary": {
        "statements": [
          {
            "value": "Copyright (c) 1995-2011 Mark Adler",
            "count": 1
          }
        ],
        "holders": [
          {
            "value": "Mark Adler",
            "count": 1
          }
        ],
        "authors": []
      },
      "scan_errors": []
    },
    {
      "path": "scan/arch/zlib.h",
      "type": "file",
      "copyrights": [
        {
          "statements": [
            "Copyright (c) 1995-2013 Jean-loup Gailly and Mark Adler"
          ],
          "holders": [
            "Jean-loup Gailly and Mark Adler"
          ],
          "authors": [],
          "start_line": 4,
          "end_line": 4
        }
      ],
      "copyright_summary": {
        "statements": [
          {
            "value": "Copyright (c) 1995-2013 Jean-loup Gailly and Mark Adler",
            "count": 1
          }
        ],
        "holders": [
          {
            "value": "Mark Adler",
            "count": 1
          },
          {
            "value": "Jean-loup Gailly",
            "count": 1
          }
        ],
        "authors": []
      },
      "scan_errors": []
    },
    {
      "path": "scan/arch/zutil.h",
      "type": "file",
      "copyrights": [
        {
          "statements": [
            "Copyright (c) 1995-2013 Jean-loup Gailly."
          ],
          "holders": [
            "Jean-loup Gailly."
          ],
          "authors": [],
          "start_line": 1,
          "end_line": 3
        }
      ],
      "copyright_summary": {
        "statements": [
          {
            "value": "Copyright (c) 1995-2013 Jean-loup Gailly.",
            "count": 1
          }
        ],
        "holders": [
          {
            "value": "Jean-loup Gailly.",
            "count": 1
          }
        ],
        "authors": []
      },
      "scan_errors": []
    },
    {
      "path": "scan/zlib",
      "type": "directory",
      "copyrights": [],
      "copyright_summary": {
        "statements": [
          {
            "value": "Copyright (c) 1995-2013 Jean-loup Gailly and Mark Adler",
            "count": 2
          },
          {
            "value": "Copyright (c) 1997 Christian Michelsen Research AS Advanced Computing",
            "count": 1
          },
          {
            "value": "Copyright (c) 1995-2013 Jean-loup Gailly.",
            "count": 1
          },
          {
            "value": "Copyright (c) 2003 Mark Adler",
            "count": 1
          },
          {
            "value": "Copyright (c) 1995-2005, 2010, 2011, 2012 Jean-loup Gailly.",
            "count": 1
          },
          {
            "value": "Copyright (c) 1995-2012 Jean-loup Gailly",
            "count": 1
          },
          {
            "value": "(c) 2004 by Henrik Ravn",
            "count": 1
          },
          {
            "value": "Copyright (c) 1995-2008 Mark Adler",
            "count": 1
          },
          {
            "value": "Copyright (c) 1995-2011 Mark Adler",
            "count": 1
          },
          {
            "value": "Copyright Henrik Ravn 2004",
            "count": 1
          },
          {
            "value": "Copyright (c) 1995-2010 Jean-loup Gailly, Brian Raiter and Gilles Vollant.",
            "count": 1
          },
          {
            "value": "Copyright (c) 2002-2004 Dmitriy Anisimkov",
            "count": 1
          }
        ],
        "holders": [
          {
            "value": "Jean-loup Gailly",
            "count": 6
          },
          {
            "value": "Mark Adler",
            "count": 5
          },
          {
            "value": "Henrik Ravn",
            "count": 2
          },
          {
            "value": "Dmitriy Anisimkov",
            "count": 1
          },
          {
            "value": " Brian Raiter",
            "count": 1
          },
          {
            "value": "Gilles Vollant.",
            "count": 1
          },
          {
            "value": "Christian Michelsen Research AS",
            "count": 1
          }
        ],
        "authors": [
          {
            "value": "Gilles Vollant",
            "count": 1
          }
        ]
      },
      "scan_errors": []
    },
    {
      "path": "scan/zlib/ada",
      "type": "directory",
      "copyrights": [],
      "copyright_summary": {
        "statements": [
          {
            "value": "Copyright (c) 2002-2004 Dmitriy Anisimkov",
            "count": 1
          }
        ],
        "holders": [
          {
            "value": "Dmitriy Anisimkov",
            "count": 1
          }
        ],
        "authors": []
      },
      "scan_errors": []
    },
    {
      "path": "scan/zlib/ada/zlib.ads",
      "type": "file",
      "copyrights": [
        {
          "statements": [
            "Copyright (c) 2002-2004 Dmitriy Anisimkov"
          ],
          "holders": [
            "Dmitriy Anisimkov"
          ],
          "authors": [],
          "start_line": 4,
          "end_line": 4
        }
      ],
      "copyright_summary": {
        "statements": [
          {
            "value": "Copyright (c) 2002-2004 Dmitriy Anisimkov",
            "count": 1
          }
        ],
        "holders": [
          {
            "value": "Dmitriy Anisimkov",
            "count": 1
          }
        ],
        "authors": []
      },
      "scan_errors": []
    },
    {
      "path": "scan/zlib/adler32.c",
      "type": "file",
      "copyrights": [
        {
          "statements": [
            "Copyright (c) 1995-2011 Mark Adler"
          ],
          "holders": [
            "Mark Adler"
          ],
          "authors": [],
          "start_line": 1,
          "end_line": 3
        }
      ],
      "copyright_summary": {
        "statements": [
          {
            "value": "Copyright (c) 1995-2011 Mark Adler",
            "count": 1
          }
        ],
        "holders": [
          {
            "value": "Mark Adler",
            "count": 1
          }
        ],
        "authors": []
      },
      "scan_errors": []
    },
    {
      "path": "scan/zlib/deflate.c",
      "type": "file",
      "copyrights": [
        {
          "statements": [
            "Copyright (c) 1995-2013 Jean-loup Gailly and Mark Adler"
          ],
          "holders": [
            "Jean-loup Gailly and Mark Adler"
          ],
          "authors": [],
          "start_line": 1,
          "end_line": 3
        }
      ],
      "copyright_summary": {
        "statements": [
          {
            "value": "Copyright (c) 1995-2013 Jean-loup Gailly and Mark Adler",
            "count": 1
          }
        ],
        "holders": [
          {
            "value": "Mark Adler",
            "count": 1
          },
          {
            "value": "Jean-loup Gailly",
            "count": 1
          }
        ],
        "authors": []
      },
      "scan_errors": []
    },
    {
      "path": "scan/zlib/deflate.h",
      "type": "file",
      "copyrights": [
        {
          "statements": [
            "Copyright (c) 1995-2012 Jean-loup Gailly"
          ],
          "holders": [
            "Jean-loup Gailly"
          ],
          "authors": [],
          "start_line": 1,
          "end_line": 3
        }
      ],
      "copyright_summary": {
        "statements": [
          {
            "value": "Copyright (c) 1995-2012 Jean-loup Gailly",
            "count": 1
          }
        ],
        "holders": [
          {
            "value": "Jean-loup Gailly",
            "count": 1
          }
        ],
        "authors": []
      },
      "scan_errors": []
    },
    {
      "path": "scan/zlib/dotzlib",
      "type": "directory",
      "copyrights": [],
      "copyright_summary": {
        "statements": [
          {
            "value": "(c) 2004 by Henrik Ravn",
            "count": 1
          },
          {
            "value": "Copyright Henrik Ravn 2004",
            "count": 1
          }
        ],
        "holders": [
          {
            "value": "Henrik Ravn",
            "count": 2
          }
        ],
        "authors": []
      },
      "scan_errors": []
    },
    {
      "path": "scan/zlib/dotzlib/AssemblyInfo.cs",
      "type": "file",
      "copyrights": [
        {
          "statements": [
            "(c) 2004 by Henrik Ravn"
          ],
          "holders": [
            "Henrik Ravn"
          ],
          "authors": [],
          "start_line": 13,
          "end_line": 16
        }
      ],
      "copyright_summary": {
        "statements": [
          {
            "value": "(c) 2004 by Henrik Ravn",
            "count": 1
          }
        ],
        "holders": [
          {
            "value": "Henrik Ravn",
            "count": 1
          }
        ],
        "authors": []
      },
      "scan_errors": []
    },
    {
      "path": "scan/zlib/dotzlib/ChecksumImpl.cs",
      "type": "file",
      "copyrights": [
        {
          "statements": [
            "Copyright Henrik Ravn 2004"
          ],
          "holders": [
            "Henrik Ravn"
          ],
          "authors": [],
          "start_line": 2,
          "end_line": 2
        }
      ],
      "copyright_summary": {
        "statements": [
          {
            "value": "Copyright Henrik Ravn 2004",
            "count": 1
          }
        ],
        "holders": [
          {
            "value": "Henrik Ravn",
            "count": 1
          }
        ],
        "authors": []
      },
      "scan_errors": []
    },
    {
      "path": "scan/zlib/gcc_gvmat64",
      "type": "directory",
      "copyrights": [],
      "copyright_summary": {
        "statements": [
          {
            "value": "Copyright (c) 1995-2010 Jean-loup Gailly, Brian Raiter and Gilles Vollant.",
            "count": 1
          }
        ],
        "holders": [
          {
            "value": "Jean-loup Gailly",
            "count": 1
          },
          {
            "value": " Brian Raiter",
            "count": 1
          },
          {
            "value": "Gilles Vollant.",
            "count": 1
          }
        ],
        "authors": [
          {
            "value": "Gilles Vollant",
            "count": 1
          }
        ]
      },
      "scan_errors": []
    },
    {
      "path": "scan/zlib/gcc_gvmat64/gvmat64.S",
      "type": "file",
      "copyrights": [
        {
          "statements": [
            "Copyright (c) 1995-2010 Jean-loup Gailly, Brian Raiter and Gilles Vollant."
          ],
          "holders": [
            "Jean-loup Gailly, Brian Raiter and Gilles Vollant."
          ],
          "authors": [],
          "start_line": 9,
          "end_line": 10
        },
        {
          "statements": [],
          "holders": [],
          "authors": [
            "Gilles Vollant"
          ],
          "start_line": 12,
          "end_line": 15
        }
      ],
      "copyright_summary": {
        "statements": [
          {
            "value": "Copyright (c) 1995-2010 Jean-loup Gailly, Brian Raiter and Gilles Vollant.",
            "count": 1
          }
        ],
        "holders": [
          {
            "value": "Jean-loup Gailly",
            "count": 1
          },
          {
            "value": " Brian Raiter",
            "count": 1
          },
          {
            "value": "Gilles Vollant.",
            "count": 1
          }
        ],
        "authors": [
          {
            "value": "Gilles Vollant",
            "count": 1
          }
        ]
      },
      "scan_errors": []
    },
    {
      "path": "scan/zlib/infback9",
      "type": "directory",
      "copyrights": [],
      "copyright_summary": {
        "statements": [
          {
            "value": "Copyright (c) 1995-2008 Mark Adler",
            "count": 1
          },
          {
            "value": "Copyright (c) 2003 Mark Adler",
            "count": 1
          }
        ],
        "holders": [
          {
            "value": "Mark Adler",
            "count": 2
          }
        ],
        "authors": []
      },
      "scan_errors": []
    },
    {
      "path": "scan/zlib/infback9/infback9.c",
      "type": "file",
      "copyrights": [
        {
          "statements": [
            "Copyright (c) 1995-2008 Mark Adler"
          ],
          "holders": [
            "Mark Adler"
          ],
          "authors": [],
          "start_line": 1,
          "end_line": 3
        }
      ],
      "copyright_summary": {
        "statements": [
          {
            "value": "Copyright (c) 1995-2008 Mark Adler",
            "count": 1
          }
        ],
        "holders": [
          {
            "value": "Mark Adler",
            "count": 1
          }
        ],
        "authors": []
      },
      "scan_errors": []
    },
    {
      "path": "scan/zlib/infback9/infback9.h",
      "type": "file",
      "copyrights": [
        {
          "statements": [
            "Copyright (c) 2003 Mark Adler"
          ],
          "holders": [
            "Mark Adler"
          ],
          "authors": [],
          "start_line": 1,
          "end_line": 3
        }
      ],
      "copyright_summary": {
        "statements": [
          {
            "value": "Copyright (c) 2003 Mark Adler",
            "count": 1
          }
        ],
        "holders": [
          {
            "value": "Mark Adler",
            "count": 1
          }
        ],
        "authors": []
      },
      "scan_errors": []
    },
    {
      "path": "scan/zlib/iostream2",
      "type": "directory",
      "copyrights": [],
      "copyright_summary": {
        "statements": [
          {
            "value": "Copyright (c) 1997 Christian Michelsen Research AS Advanced Computing",
            "count": 1
          }
        ],
        "holders": [
          {
            "value": "Christian Michelsen Research AS",
            "count": 1
          }
        ],
        "authors": []
      },
      "scan_errors": []
    },
    {
      "path": "scan/zlib/iostream2/zstream.h",
      "type": "file",
      "copyrights": [
        {
          "statements": [
            "Copyright (c) 1997 Christian Michelsen Research AS Advanced Computing"
          ],
          "holders": [
            "Christian Michelsen Research AS",
            "Advanced Computing"
          ],
          "authors": [],
          "start_line": 3,
          "end_line": 5
        }
      ],
      "copyright_summary": {
        "statements": [
          {
            "value": "Copyright (c) 1997 Christian Michelsen Research AS Advanced Computing",
            "count": 1
          }
        ],
        "holders": [
          {
            "value": "Christian Michelsen Research AS",
            "count": 1
          }
        ],
        "authors": []
      },
      "scan_errors": []
    },
    {
      "path": "scan/zlib/zlib.h",
      "type": "file",
      "copyrights": [
        {
          "statements": [
            "Copyright (c) 1995-2013 Jean-loup Gailly and Mark Adler"
          ],
          "holders": [
            "Jean-loup Gailly and Mark Adler"
          ],
          "authors": [],
          "start_line": 4,
          "end_line": 4
        }
      ],
      "copyright_summary": {
        "statements": [
          {
            "value": "Copyright (c) 1995-2013 Jean-loup Gailly and Mark Adler",
            "count": 1
          }
        ],
        "holders": [
          {
            "value": "Mark Adler",
            "count": 1
          },
          {
            "value": "Jean-loup Gailly",
            "count": 1
          }
        ],
        "authors": []
      },
      "scan_errors": []
    },
    {
      "path": "scan/zlib/zutil.c",
      "type": "file",
      "copyrights": [
        {
          "statements": [
            "Copyright (c) 1995-2005, 2010, 2011, 2012 Jean-loup Gailly."
          ],
          "holders": [
            "Jean-loup Gailly."
          ],
          "authors": [],
          "start_line": 1,
          "end_line": 3
        }
      ],
      "copyright_summary": {
        "statements": [
          {
            "value": "Copyright (c) 1995-2005, 2010, 2011, 2012 Jean-loup Gailly.",
            "count": 1
          }
        ],
        "holders": [
          {
            "value": "Jean-loup Gailly.",
            "count": 1
          }
        ],
        "authors": []
      },
      "scan_errors": []
    },
    {
      "path": "scan/zlib/zutil.h",
      "type": "file",
      "copyrights": [
        {
          "statements": [
            "Copyright (c) 1995-2013 Jean-loup Gailly."
          ],
          "holders": [
            "Jean-loup Gailly."
          ],
          "authors": [],
          "start_line": 1,
          "end_line": 3
        }
      ],
      "copyright_summary": {
        "statements": [
          {
            "value": "Copyright (c) 1995-2013 Jean-loup Gailly.",
            "count": 1
          }
        ],
        "holders": [
          {
            "value": "Jean-loup Gailly.",
            "count": 1
          }
        ],
        "authors": []
      },
      "scan_errors": []
    }
  ]
}